▶ FASE 19 — CapabilityEngine
  ✔ 1. ferramenta desconhecida é NEGADA (fail closed) (2.303875ms)
  ✔ 1b. chave herdada de Object.prototype não vira ferramenta válida (0.132542ms)
  ✔ 2. política restricted nega browser.upload e permite browser.observe (0.850041ms)
  ✔ 2b. observe nega click/type; full só por chamada explícita (0.306375ms)
  ✔ 2c. capabilities de JSON só concedem com `true` em propriedade própria (0.065709ms)
  ✔ 3. agente A com capability custom não afeta agente B (0.114084ms)
✔ FASE 19 — CapabilityEngine (4.520791ms)
▶ FASE 40 — guarda de URL
  ✔ 4. file:// e metadata link-local são bloqueados (0.5085ms)
  ✔ 4b. esquemas perigosos e formas ofuscadas de loopback (0.321459ms)
✔ FASE 40 — guarda de URL (0.921625ms)
▶ FASE 21/22 — guarda de path
  ✔ rejeita traversal, symlink de fuga e raiz não configurada (0.494083ms)
✔ FASE 21/22 — guarda de path (2.387833ms)
▶ FASE 18 — Vault
  ✔ 5. http://127.0.0.1:PORTA/ passa COM allow_internal (e falha sem ele) (0.156667ms)
  ✔ vault grava em profiles/<perfil>/vault.json com modo 0600 (0.680417ms)
  ✔ vault com permissão larga é RECUSADO, não corrigido em silêncio (0.475792ms)
  ✔ 6. injeta o segredo na página REAL e o retorno NÃO contém o valor (1019.426541ms)
  ✔ 7. assertNoSecretLeak lança quando o segredo está no texto (0.810959ms)
✔ FASE 18 — Vault (1043.717208ms)
ℹ tests 14
ℹ suites 4
ℹ pass 14
ℹ fail 0
ℹ cancelled 0
ℹ skipped 0
ℹ todo 0
ℹ duration_ms 1444.197125
