▶ watchdog — crash, reinício e teto (FASE 20 / T10)
  ✔ 1. um crash → reinicia; a contagem vem do DISCO, não do contador interno (214.74525ms)
  ✔ 2. três crashes rápidos → crash_loop, PARA de reiniciar e registra a causa (732.140917ms)
  ✔ 3. stop() manual → parada INTENCIONAL, não reinicia, não conta crash (438.558542ms)
  ✔ 4. filho que ignora SIGTERM → escala para SIGKILL, e só no próprio filho (354.072916ms)
  ✔ 5. backoff cresce mas tem TETO — o intervalo nunca vira 'nunca' (845.964292ms)
  ✔ 5b. a janela é DESLIZANTE — crash antigo sai da conta e o orçamento volta (253.264042ms)
✔ watchdog — crash, reinício e teto (FASE 20 / T10) (2840.847833ms)
▶ watchdog — nunca mata o que não iniciou
  ✔ 6. pid alheio: recusado, contado, e o processo continua vivo (220.784ms)
  ✔ 7. porta ocupada → port_busy, sem spawn e sem tocar no ocupante (112.364959ms)
  ✔ 8. host fora de loopback é recusado na construção (0.42475ms)
✔ watchdog — nunca mata o que não iniciou (333.782792ms)
▶ recovery — snapshot atômico e snapshot corrompido
  ✔ 9. save() é atômico: nenhum .tmp sobrevive e o leitor nunca vê meio arquivo (279.613125ms)
  ✔ 10. sobra de .tmp do crash é INERTE — não é lida nem listada (6.795833ms)
  ✔ 11. state.json TRUNCADO → terminate/snapshot_corrupted, e o pid vivo lá dentro é IGNORADO (116.426583ms)
  ✔ 12. schema desconhecido, campo faltando e sessão CLOSED → terminate com motivo distinto (21.799083ms)
  ✔ 13. patch em snapshot ausente LANÇA — não recria estado do nada (0.493292ms)
✔ recovery — snapshot atômico e snapshot corrompido (425.968625ms)
▶ recovery — pid vivo, pid morto, CDP mudo
  ✔ 14. browser_pid MORTO (SIGKILL real) → orphan, jamais reattach (122.495625ms)
  ✔ 15. browser_pid ausente → orphan/browser_pid_unknown (6.779959ms)
  ✔ 16. endpoint de CDP fora de loopback é recusado ANTES de qualquer requisição (T2) (117.180334ms)
  ✔ 17. scan() decide TODAS as sessões — nenhuma fica sem decisão e sem motivo (0.961834ms)
✔ recovery — pid vivo, pid morto, CDP mudo (248.049958ms)
▶ recovery — reattach contra Chromium REAL
  ✔ 18. CDP vivo + identidade confere → reattach, e a verificação confirma a URL (10.29975ms)
  ✔ 19. URL divergiu sob o crash → recover + needs_reobservation, NUNCA 'assume que continua lá' (102.611333ms)
  ✔ 20. número de abas divergiu → recover/pages_divergent (939.082083ms)
  ✔ 21. ação destrutiva em voo → UNKNOWN_OUTCOME: nem sucesso, nem falha, nem repetição cega (23.608125ms)
  ✔ 22. porta reciclada por OUTRO Chromium (identidade não confere) → orphan, sem conectar (19.106917ms)
  ✔ 23. SIGKILL no Chromium com sessão ativa → orphan/browser_pid_dead, e nada é inventado (23.461291ms)
✔ recovery — reattach contra Chromium REAL (3720.818542ms)
ℹ tests 24
ℹ suites 5
ℹ pass 24
ℹ fail 0
ℹ cancelled 0
ℹ skipped 0
ℹ todo 0
ℹ duration_ms 7901.998917
