▶ FASE 27 — nome de arquivo malicioso
  ✔ 1. path traversal no filename vira basename e fica dentro da raiz (1.663375ms)
  ✔ 2. traversal percent-encoded também é desarmado (0.153541ms)
  ✔ 3. NUL, newline e barra somem do nome (0.071833ms)
  ✔ 4. nome vazio e nome só com pontos caem no nome de descarte (0.145708ms)
  ✔ 5. ponto inicial não cria arquivo oculto na raiz de download (0.070166ms)
  ✔ 6. nome longuíssimo é truncado preservando a extensão (0.136916ms)
  ✔ 7. RTL override que faz `txt.exe` parecer `exe.txt` é desmascarado (0.203458ms)
  ✔ 8. dupla extensão `fatura.pdf.exe` é marcada como enganosa (0.082958ms)
  ✔ 9. nome benigno atravessa sem alteração (controle negativo da sanitização) (0.78ms)
✔ FASE 27 — nome de arquivo malicioso (3.749375ms)
▶ FASE 27 — executável nunca é aberto
  ✔ 10. toda extensão executável da missão exige autorização (0.558292ms)
  ✔ 11. mesmo AUTORIZADO o executável continua inerte (auto_open=false) (0.373458ms)
  ✔ 12. arquivo comum não exige autorização (controle negativo) (0.097166ms)
✔ FASE 27 — executável nunca é aberto (1.108167ms)
▶ FASE 27 — download inesperado, tamanho e concorrência
  ✔ 13. download não pedido por ação é BLOQUEADO e REGISTRADO (5.004625ms)
  ✔ 14. tamanho anunciado acima do limite é negado (0.177833ms)
  ✔ 15. o limite também vale DURANTE a transferência (Content-Length mente) (0.158458ms)
  ✔ 16. limite de downloads simultâneos (0.208208ms)
  ✔ 17. dois downloads do mesmo nome não se sobrescrevem (0.121958ms)
✔ FASE 27 — download inesperado, tamanho e concorrência (5.764958ms)
▶ FASE 27 — confinamento do destino
  ✔ 18. raiz não configurada nega tudo (fail closed) (0.055916ms)
  ✔ 19. symlink dentro da raiz apontando para fora é recusado (0.655667ms)
  ✔ 20. DownloadRecord do contrato aponta para dentro da raiz (0.113375ms)
  ✔ 21. origem com esquema proibido é negada quando checkSourceUrl está ligado (0.392583ms)
✔ FASE 27 — confinamento do destino (1.272334ms)
▶ FASE 28 — a página nunca escolhe o arquivo
  ✔ 22. origem `page` tem recusa própria e ruidosa (0.45575ms)
  ✔ 23. origem ausente ou de agente é negada (fail closed) (0.397958ms)
  ✔ 24. sem autorização explícita não há upload (0.093792ms)
  ✔ 25. caminho do chamador, autorizado e dentro da raiz é PERMITIDO (controle negativo) (0.281417ms)
  ✔ 26. traversal, byte nulo e raiz ausente são negados (0.172917ms)
  ✔ 27. symlink que escapa da raiz é negado (resolve o caminho real) (0.388791ms)
✔ FASE 28 — a página nunca escolhe o arquivo (1.861833ms)
▶ FASE 28 — bloqueio duro DENTRO da raiz permitida
  ✔ 28. cada arquivo sensível é negado, com motivo legível (3.31ms)
  ✔ 29. symlink dentro da raiz para arquivo proibido dentro da raiz também é negado (0.286959ms)
  ✔ 30. diretório não é arquivo; e o negado vira linha de auditoria (2.527625ms)
  ✔ 31. extensionOf trata `.env` e `arquivo.` como sem extensão (0.05425ms)
✔ FASE 28 — bloqueio duro DENTRO da raiz permitida (6.253083ms)
▶ FASE 31 — canário no cookie, no header e no vault não vaza
  ✔ 32. pré-condição: o canário está MESMO no cookie, no header e no vault (1.804292ms)
  ✔ 33. a observação sanitizada não contém o canário — e redige onde deveria (0.541333ms)
  ✔ 34. audit JSONL não contém o canário — mas contém a REFERÊNCIA (0.204166ms)
  ✔ 35. events JSONL não contém o canário (0.177708ms)
  ✔ 36. o replay bundle inteiro não contém o canário (1.710792ms)
  ✔ 37. CONTROLE NEGATIVO — a mesma varredura ACUSA o vazamento plantado (0.9975ms)
  ✔ 38. CONTROLE NEGATIVO — canário codificado (base64/url/json) também é acusado (0.276542ms)
✔ FASE 31 — canário no cookie, no header e no vault não vaza (233.96475ms)
ℹ tests 38
ℹ suites 7
ℹ pass 38
ℹ fail 0
ℹ cancelled 0
ℹ skipped 0
ℹ todo 0
ℹ duration_ms 587.789666
