✔ cascata é exatamente a normativa da FASE 13 (135.339708ms)
✔ 1. selector válido resolve com strategy=selector e healed=false (44.061959ms)
✔ 2. selector QUEBRADO + text válido cura para role_text (healed=true, attempted contém selector) (32.215125ms)
✔ 3. semantic "login" acha o botão "Entrar" (32.908916ms)
✔ 3b. sinônimos pt+en caem na mesma intenção; desconhecido vira termo literal (0.287625ms)
✔ 3c. semantic "sign in" e "acessar" também acham o botão Entrar (43.391583ms)
✔ 4. dois botões com o mesmo texto e sem nth ⇒ TARGET_AMBIGUOUS (19.634834ms)
✔ 4b. o mesmo alvo com nth resolve sem ambiguidade (32.809708ms)
✔ 4c. nth fora do intervalo não escolhe outro elemento em silêncio (28.35875ms)
✔ 5. accessibility cura quando só há placeholder (29.835917ms)
✔ 6. vision é PULADA e registrada quando nenhum VisionProvider é injetado (21.558042ms)
✔ 6b. VisionProvider injetado vence quando as demais falham (healed=true) (41.61175ms)
✔ 6c. vision abaixo da confiança mínima NÃO resolve (41.631792ms)
✔ 7. coordenada NUNCA vence quando outra estratégia estava disponível (30.4055ms)
✔ 8. descriptor vazio é INVALID_REQUEST, não um chute (10.045417ms)
✔ 9. URL_CHANGED verifica true após clique que muda o hash (55.509792ms)
✔ 10. URL_CHANGED verifica false quando nada muda (controle negativo) (441.490417ms)
✔ 11. confidence de uma verificação NONE não é 1.0 (22.732292ms)
✔ 12. ELEMENT_APPEARED exige a TRANSIÇÃO (ausente antes, visível depois) (46.8085ms)
✔ 13. ELEMENT_DISAPPEARED confirma remoção real (44.644ms)
✔ 14. ELEMENT_APPEARED sem `expect` sai não-executado, não sai verificado (12.075917ms)
✔ 15. TEXT_CHANGED escopado ao alvo, com corroboração (44.938834ms)
✔ 16. DOM_CHANGED usa MutationObserver e deriva confiança dos sinais (453.578ms)
✔ 17. NETWORK_SUCCESS sem gravador acoplado NÃO passa (26.713416ms)
✔ 18. NETWORK_SUCCESS com gravador confirma resposta 200 e redige a query (21.0745ms)
✔ 19. snapshot de kind diferente é recusado (não se verifica com a régua errada) (18.864417ms)
✔ 20. retryStrategy tem backoff limitado e proíbe retry infinito (0.573875ms)
✔ 21. superfície pública dos dois módulos está montada (0.094208ms)
ℹ tests 28
ℹ suites 0
ℹ pass 28
ℹ fail 0
ℹ cancelled 0
ℹ skipped 0
ℹ todo 0
ℹ duration_ms 2085.934792
