### injecao
CASOS=14 OK=14 FALHAS=0
ATAQUES_DETECTADOS_ALTA=8/8
FALSE_POSITIVE_CONTROL=6/6
POLICY_MODES=PASS
AUDIT_NO_LITERAL=PASS
INJECTION_PROTECTION_WIRED=PASS
### auditoria
AUDIT_CAMPOS_FALTANDO=[]
AUDIT_COMPLETE=PASS
### guardas (script intocado)
ADVERSARIAL_TOTAL=16 BLOQUEADOS=16 PASSARAM=0
SECURITY_LIVE_GUARDS=PASS
### bateria completa nova
REST_AUTH=PASS  (6/6)
WEBSOCKET_AUTH=PASS  (6/6)
MCP_AUTHORIZATION=PASS  (3/3)
SSRF_PROTECTION=PASS  (10/10)
FILESYSTEM_PROTECTION=PASS  (6/6)
CAPABILITY_ENFORCEMENT=PASS  (6/6)
SECRET_LEAK_TEST=PASS  (4/4)
INPUT_HARDENING=PASS  (6/6)
SESSION_ISOLATION=PASS  (3/3)
CONTROLES_POSITIVOS=PASS  (3/3)
ADVERSARIAL_TOTAL=53
OPEN_SECURITY_P1=0
SECURITY_SUITE=PASS
### task
TASK_ENGINE=FAIL
### coordenadas
VISION_COORDINATE_PASS=100%  ERRO_MEDIO=0px  ERRO_MAX=0px
VISION_ENGINE_CAPABILITY=PASS
### residuais
daemons=       0 chromium=       0 orfaos=       2
### launchagents nossos
nenhum (correto: desinstalado)
VERIF2_FIM
