▶ estatística — percentil que a amostra não sustenta
  ✔ 1. N=10 ⇒ p99 é null e marcado insuficiente; N=100 ⇒ p99 é numérico (1.430875ms)
  ✔ a mesma regra vale para p95: N=19 recusa, N=20 reporta (0.111375ms)
  ✔ mínimo é ceil(1/(1-q)) — 2 / 20 / 100 (0.238208ms)
  ✔ configuração pode LEVANTAR o piso, nunca baixá-lo (0.194959ms)
  ✔ nearest-rank: devolve valor MEDIDO, não interpolação (0.093042ms)
  ✔ ordena antes de calcular: entrada fora de ordem dá o mesmo resultado (0.053ms)
  ✔ média e desvio amostral conferem com valor calculado à mão (0.061333ms)
  ✔ N=1: min=max=média, desvio null, p50 null — uma medição não é distribuição (0.061084ms)
  ✔ 2. lista vazia não explode: devolve relatório vazio explícito, sem zeros falsos (0.09925ms)
  ✔ amostra não finita é recusada em vez de virar NaN no relatório (0.109959ms)
✔ estatística — percentil que a amostra não sustenta (3.720542ms)
▶ Benchmark.run — medição
  ✔ 3. N=10 ⇒ p99 null/insuficiente; N=100 ⇒ p99 numérico, no run de verdade (2.707875ms)
  ✔ 4. latência sintética de 20 ms cai na faixa esperada — com controle negativo (279.473291ms)
  ✔ 5. aquecimento NÃO entra na estatística — com controle negativo sem aquecimento (249.762833ms)
  ✔ função assíncrona é aguardada e medida (101.693542ms)
  ✔ 6. iteração que lança NÃO vira amostra; o erro é reportado, não engolido (35.234875ms)
  ✔ erro no aquecimento é marcado como warmup e não conta como iteração medida (0.182333ms)
  ✔ 7. memória antes/depois e CPU são coletadas como delta real (56.696167ms)
  ✔ CPU quase parada num run ocioso — controle negativo do contador de CPU (165.967375ms)
  ✔ entrada inválida falha fechado em vez de virar default silencioso (0.760708ms)
  ✔ iteracoes:0 devolve resultado vazio explícito, sem explodir (0.159542ms)
  ✔ rótulos do run são redigidos antes de entrar no resultado (0.169875ms)
✔ Benchmark.run — medição (893.19325ms)
▶ Benchmark — relatórios
  ✔ 8. markdown nunca imprime número para percentil que a amostra não sustenta (0.721125ms)
  ✔ JSON do relatório é parseável, declara contrato e declara a omissão das amostras (0.2635ms)
  ✔ relatório sem nenhum run é vazio EXPLÍCITO, não uma tabela em branco (0.085834ms)
  ✔ nome com pipe não quebra a tabela markdown (0.119584ms)
✔ Benchmark — relatórios (1.268833ms)
▶ QualityBench — FASE 33
  ✔ 9. declarou sucesso e a verificação REFUTOU ⇒ false_success, e aparece no resumo (0.711042ms)
  ✔ declarou e a verificação NÃO rodou ⇒ unverified_claim, jamais false_success (0.118958ms)
  ✔ human_escalation é classe própria e não conta como sucesso do agente (0.126041ms)
  ✔ classifyCase cobre os seis desfechos, com escalação em primeiro lugar (0.070125ms)
  ✔ 10. false_success NUNCA sai do resumo, nem quando vale zero (0.140041ms)
  ✔ 11. bench vazio: divisão por zero vira null, relatório vazio explícito, sem exceção (0.107583ms)
  ✔ nenhuma declaração ⇒ false_success_of_declared é null, não 0 e não NaN (0.094333ms)
  ✔ subdeclaração: não declarou mas a verificação comprovou (0.066875ms)
  ✔ segredo no detalhe do caso é redigido antes de entrar no relatório (0.130917ms)
  ✔ aceita VerificationResult do contrato sem adaptador e preserva confiança/observação (0.062417ms)
  ✔ caso mal formado falha fechado (0.106583ms)
  ✔ toJSON({cases:false}) omite os casos mas mantém o resumo íntegro (0.078083ms)
✔ QualityBench — FASE 33 (1.95425ms)
ℹ tests 37
ℹ suites 4
ℹ pass 37
ℹ fail 0
ℹ cancelled 0
ℹ skipped 0
ℹ todo 0
ℹ duration_ms 1035.964666
