▶ parser de argumentos (sem dependência)
  ✔ separa comando, posicionais e flags nas três formas (1.202959ms)
  ✔ `--` encerra o parsing: objetivo pode começar com hífen (0.077375ms)
  ✔ flag booleana não engole o posicional seguinte (0.062625ms)
  ✔ --no-headless nega; --headless afirma (0.085291ms)
  ✔ fail closed: flag desconhecida e valor faltando são erro de uso (0.229708ms)
  ✔ normalizeBaseUrl aceita host:porta e recusa esquema não-HTTP (0.397333ms)
  ✔ eventsWsUrl deriva ws/wss e carrega os filtros (0.357708ms)
  ✔ CLI_VERSION casa com packages/cli/package.json (3.687583ms)
✔ parser de argumentos (sem dependência) (13.572084ms)
▶ CLI contra runtime falso (subprocesso real)
  ✔ 1. `health` imprime o estado e sai 0 (151.7775ms)
  ✔ 1b. `health --json` devolve o HealthResponse cru (151.80075ms)
  ✔ 2. `sessions --json` imprime JSON parseável em stdout (157.466083ms)
  ✔ 2b. `sessions` sem --json imprime tabela legível com o cabeçalho (151.269ms)
  ✔ 3. envelope success=false ⇒ exit 1, com code e message em stderr (153.723375ms)
  ✔ 3b. `--json` numa falha: envelope inteiro em stdout, erro em stderr, exit 1 (150.694375ms)
  ✔ 4. runtime desligado ⇒ exit 3, sem stack trace (144.385333ms)
  ✔ 4b. exit 3 é transporte, não HTTP: rota 404 do runtime dá 1, não 3 (150.124292ms)
  ✔ 5. comando desconhecido ⇒ exit 2 com mensagem de uso (119.840042ms)
  ✔ 5b. flag fora do comando e argumento faltando também são exit 2 (474.643542ms)
  ✔ 6. `open` cria sessão e NÃO pede capability sensível nenhuma (174.329875ms)
  ✔ 6b. `open` com sessão informada não cria sessão nova (153.252083ms)
  ✔ 6c. `open` com URL sem esquema é erro de uso, não adivinhação (120.8085ms)
  ✔ 6d. navegação falhada propaga o code do runtime e sai 1 (153.61225ms)
  ✔ 7. `close` confirma o fechamento e sai 0 (153.402417ms)
  ✔ 8. `screenshot --out` grava os bytes reais do PNG da trilha (156.743667ms)
  ✔ 8b. binário ausente é reportado, não inventado: exit 1 (155.92425ms)
  ✔ 8c. sem --out o comando não toca disco e sai 0 (157.000458ms)
  ✔ 9. `replay` reconstrói a linha do tempo gravada (245.068833ms)
  ✔ 9b. sessão sem trilha nenhuma é falha declarada, não '0 itens' alegre (118.425542ms)
  ✔ 9c. session_id com travessia de caminho é recusado (exit 2) (120.140625ms)
  ✔ 10. `events` segue o WebSocket e avisa sobre frame ilegível (132.812625ms)
  ✔ 10b. `events --session` repassa o filtro ao runtime (134.25575ms)
  ✔ 10c. `events` sem --max segue até Ctrl-C e encerra em 0 (SIGINT REAL) (131.070208ms)
  ✔ 10d. `events` contra porta fechada também sai 3, sem stack (132.056417ms)
  ✔ 11. resposta não-JSON vira INVALID_RESPONSE (exit 1), não crash (151.302ms)
  ✔ 12. `--help` e `--version` saem 0 por stdout (243.584167ms)
✔ CLI contra runtime falso (subprocesso real) (4440.561042ms)
ℹ tests 35
ℹ suites 2
ℹ pass 35
ℹ fail 0
ℹ cancelled 0
ℹ skipped 0
ℹ todo 0
ℹ duration_ms 4626.999958
