✔ 9. controle negativo do teste: alvo trivial dentro do viewport passa (555.32825ms)
✔ 1. alvo ACIMA do viewport: rola de volta, clica, erro 0px (361.383708ms)
✔ 2. alvo ABAIXO do viewport: rola e clica, erro 0px (349.534208ms)
✔ 3. fora HORIZONTALMENTE em conteiner lateral: o correto e CLICAR, nao recusar (426.620875ms)
✔ 4. header GRUDADO: rola o suficiente para descobrir e clica (341.726708ms)
✔ 5. coberto por overlay fixo: TARGET_NOT_ACTIONABLE e o overlay e nomeado (160.221709ms)
✔ 6. removido do DOM DURANTE a rolagem: TARGET_NOT_ACTIONABLE, nunca sucesso (1221.532667ms)
✔ 7a. SPA em movimento PERPETUO: recusa; nunca clica em coordenada velha (2133.087208ms)
✔ 7b. SPA que ASSENTA: espera, remede e acerta com erro 0px (506.936917ms)
✔ 8. deviceScaleFactor 2: coordenada continua exata (210.690791ms)
✔ 10a. click_delivery_check:false — coordenada vazia nao traz prova nenhuma (43.99775ms)
✔ 10b. mesma fixture: com checagem = CLICK_NOT_DELIVERED; sem checagem = sucesso falso (332.76425ms)
✔ 11. isTrusted===true em todo clique entregue, e a trilha registra a mira (334.242ms)
✔ 4b-1. link mesma origem que NAVEGA: success + delivery_evidence=navegacao (348.158166ms)
✔ 4b-2. link que navega para outra rota: browser.back continua funcionando depois (338.181167ms)
✔ 4b-3. <a target="_blank">: delivery_evidence=nova_aba e a aba aparece em browser.tabs (208.238ms)
✔ 4b-4. link "#ancora" NAO destroi contexto: a prova continua sendo a SONDA (153.1495ms)
✔ 4b-5. <button> que chama location.assign(): sonda E navegacao, nenhuma vira falso positivo (350.045917ms)
✔ 4b-6. CONTROLE NEGATIVO: overlay sobre um LINK continua TARGET_NOT_ACTIONABLE (154.545959ms)
✔ 4b-7. CONTROLE NEGATIVO 2: coordenada vazia em pagina que NAO navega nao vira 'navegacao' (22.942375ms)
✔ 4b-8. o caso REAL de nao-entrega continua reprovando (nao navegou, nao chegou) (160.569542ms)
ℹ tests 21
ℹ suites 0
ℹ pass 21
ℹ fail 0
ℹ cancelled 0
ℹ skipped 0
ℹ todo 0
ℹ duration_ms 9222.681667
