✔ 0a. raw_web_content nasce em withhold_on_detection (192.06425ms)
✔ 0b. NOMOS_BROWSER_RAW_WEB_CONTENT é lida e registrada (0.183125ms)
✔ 0c. valor inválido lança, não vira default silencioso (0.270667ms)
✔ 1. 'ignore previous instructions' é detectado e o cru é retido (21.6445ms)
✔ 2. exfiltração de cookies é detectada em severidade alta (13.888208ms)
✔ 3. pedido de invocar browser.download é detectado (10.352875ms)
✔ 4. pedido financeiro é detectado (18.985083ms)
✔ 5. comando de shell é detectado (10.363208ms)
✔ 6. URL de exfiltração isolada é detectada (9.631542ms)
✔ 7a. FALSE_POSITIVE_CONTROL: artigo SOBRE injeção continua inteiro (9.906958ms)
✔ 7b. FALSE_POSITIVE_CONTROL: texto inocente não é marcado (9.424208ms)
✔ 8. browser.extract sela e retém igual a observe, mantendo o campo content (59.122042ms)
✔ 9. payload em aria-label é pego pela ÁRVORE AX, mesmo fora do corte do DOM (13.136ms)
✔ 10. CONTROLE NEGATIVO: página limpa não acusa, e o inspetor comprovadamente rodou (10.712416ms)
✔ 11. o bloco entregue ao modelo só fecha com o nonce da chamada (18.708625ms)
✔ 12. a trilha registra a detecção e NUNCA o trecho literal (212.869708ms)
ℹ tests 16
ℹ suites 0
ℹ pass 16
ℹ fail 0
ℹ cancelled 0
ℹ skipped 0
ℹ todo 0
ℹ duration_ms 1018.615958
