▶ PointerEngine
  ✔ click via backend cdp chega na página com isTrusted=true (83.799958ms)
  ✔ click via backend playwright chega na página com isTrusted=true (58.825792ms)
  ✔ controle negativo: clique sintetizado por JS chega isTrusted=false (51.513875ms)
  ✔ drag via cdp produz mousedown → mousemove(s) → mouseup nessa ordem (194.246792ms)
  ✔ drag via playwright produz mousedown → mousemove(s) → mouseup nessa ordem (203.699ms)
  ✔ scroll via cdp altera scrollTop do contêiner (98.572375ms)
  ✔ scroll via playwright altera scrollTop do contêiner (98.095875ms)
  ✔ doubleClick gera dblclick e rightClick gera contextmenu (backend cdp) (68.3965ms)
  ✔ hover posiciona o cursor sobre o elemento (mouseover real) (57.829709ms)
  ✔ movimento humanizado emite posições intermediárias (FASE 31 precisa delas) (123.119291ms)
  ✔ interpolatePath: 1 passo é teleporte, N passos aterrissam exatamente no alvo (0.211333ms)
  ✔ mouseDown/mouseUp compõem um drag manual sem perder o botão segurado (153.134959ms)
  ✔ coordenada não-finita é rejeitada (fail closed, não NaN silencioso) (53.439792ms)
✔ PointerEngine (1332.196625ms)
▶ PointerEngine — fallback de backend
  ✔ fallback registra no resultado qual backend agiu e por quê (54.837958ms)
  ✔ fallback:"none" falha fechado com InputError tipado (40.275ms)
✔ PointerEngine — fallback de backend (95.255041ms)
▶ KeyboardEngine
  ✔ hotkey CMD+A via cdp seleciona todo o texto do input (60.508042ms)
  ✔ hotkey CMD+A via playwright seleciona todo o texto do input (62.681458ms)
  ✔ press("Enter") via cdp dispara submit do form (72.57175ms)
  ✔ press("Enter") via playwright dispara submit do form (71.620542ms)
  ✔ type() via cdp digita com eventos reais e NÃO devolve o texto (79.661916ms)
  ✔ type() via playwright digita com eventos reais e NÃO devolve o texto (80.72825ms)
  ✔ teclas nomeadas: Backspace, Tab, Escape e setas aplicam efeito real (cdp) (68.20075ms)
  ✔ down/up mantêm estado de modificador e releaseAll limpa (cdp) (60.919416ms)
  ✔ mapeamento de tecla é explícito e tecla desconhecida falha fechado (0.222833ms)
  ✔ controle: sem `commands` nativos, CMD+A chega à página e NÃO seleciona nada (62.598ms)
  ✔ comandos nativos de edição do macOS são resolvidos para o combo certo (0.1785ms)
✔ KeyboardEngine (620.352209ms)
ℹ tests 26
ℹ suites 3
ℹ pass 26
ℹ fail 0
ℹ cancelled 0
ℹ skipped 0
ℹ todo 0
ℹ duration_ms 2393.703833
