▶ FASE 19 — CapabilityEngine
  ✔ 1. ferramenta desconhecida é NEGADA (fail closed) (2.211541ms)
  ✔ 1b. chave herdada de Object.prototype não vira ferramenta válida (0.147792ms)
  ✔ 2. política restricted nega browser.upload e permite browser.observe (0.808833ms)
  ✔ 2b. observe nega click/type; full só por chamada explícita (0.283167ms)
  ✔ 2c. capabilities de JSON só concedem com `true` em propriedade própria (0.072958ms)
  ✔ 3. agente A com capability custom não afeta agente B (0.128167ms)
✔ FASE 19 — CapabilityEngine (4.440292ms)
▶ FASE 40 — guarda de URL
  ✔ 4. file:// e metadata link-local são bloqueados (0.55575ms)
  ✔ 4b. esquemas perigosos e formas ofuscadas de loopback (0.689625ms)
✔ FASE 40 — guarda de URL (1.362375ms)
▶ FASE 21/22 — guarda de path
  ✔ rejeita traversal, symlink de fuga e raiz não configurada (0.4255ms)
✔ FASE 21/22 — guarda de path (2.711459ms)
▶ FASE 18 — Vault
  ✔ 5. http://127.0.0.1:PORTA/ passa COM allow_internal (e falha sem ele) (0.161167ms)
  ✔ vault grava em profiles/<perfil>/vault.json com modo 0600 (0.657375ms)
  ✔ vault com permissão larga é RECUSADO, não corrigido em silêncio (0.485666ms)
  ✔ 6. injeta o segredo na página REAL e o retorno NÃO contém o valor (1006.6325ms)
  ✔ 7. assertNoSecretLeak lança quando o segredo está no texto (1.828334ms)
✔ FASE 18 — Vault (1044.160584ms)
ℹ tests 14
ℹ suites 4
ℹ pass 14
ℹ fail 0
ℹ cancelled 0
ℹ skipped 0
ℹ todo 0
ℹ duration_ms 1376.422958
