▶ FASE 27 — nome de arquivo malicioso
  ✔ 1. path traversal no filename vira basename e fica dentro da raiz (1.447333ms)
  ✔ 2. traversal percent-encoded também é desarmado (0.155792ms)
  ✔ 3. NUL, newline e barra somem do nome (0.069834ms)
  ✔ 4. nome vazio e nome só com pontos caem no nome de descarte (0.127875ms)
  ✔ 5. ponto inicial não cria arquivo oculto na raiz de download (0.059375ms)
  ✔ 6. nome longuíssimo é truncado preservando a extensão (0.125209ms)
  ✔ 7. RTL override que faz `txt.exe` parecer `exe.txt` é desmascarado (0.185208ms)
  ✔ 8. dupla extensão `fatura.pdf.exe` é marcada como enganosa (0.067875ms)
  ✔ 9. nome benigno atravessa sem alteração (controle negativo da sanitização) (0.75275ms)
✔ FASE 27 — nome de arquivo malicioso (3.416625ms)
▶ FASE 27 — executável nunca é aberto
  ✔ 10. toda extensão executável da missão exige autorização (0.56225ms)
  ✔ 11. mesmo AUTORIZADO o executável continua inerte (auto_open=false) (0.359667ms)
  ✔ 12. arquivo comum não exige autorização (controle negativo) (0.107417ms)
✔ FASE 27 — executável nunca é aberto (1.120042ms)
▶ FASE 27 — download inesperado, tamanho e concorrência
  ✔ 13. download não pedido por ação é BLOQUEADO e REGISTRADO (4.888ms)
  ✔ 14. tamanho anunciado acima do limite é negado (0.229959ms)
  ✔ 15. o limite também vale DURANTE a transferência (Content-Length mente) (0.172875ms)
  ✔ 16. limite de downloads simultâneos (0.228ms)
  ✔ 17. dois downloads do mesmo nome não se sobrescrevem (0.131834ms)
✔ FASE 27 — download inesperado, tamanho e concorrência (5.7575ms)
▶ FASE 27 — confinamento do destino
  ✔ 18. raiz não configurada nega tudo (fail closed) (0.064291ms)
  ✔ 19. symlink dentro da raiz apontando para fora é recusado (0.64475ms)
  ✔ 20. DownloadRecord do contrato aponta para dentro da raiz (0.12175ms)
  ✔ 21. origem com esquema proibido é negada quando checkSourceUrl está ligado (0.399208ms)
✔ FASE 27 — confinamento do destino (1.280834ms)
▶ FASE 28 — a página nunca escolhe o arquivo
  ✔ 22. origem `page` tem recusa própria e ruidosa (0.30575ms)
  ✔ 23. origem ausente ou de agente é negada (fail closed) (0.354959ms)
  ✔ 24. sem autorização explícita não há upload (0.09875ms)
  ✔ 25. caminho do chamador, autorizado e dentro da raiz é PERMITIDO (controle negativo) (0.271833ms)
  ✔ 26. traversal, byte nulo e raiz ausente são negados (0.175209ms)
  ✔ 27. symlink que escapa da raiz é negado (resolve o caminho real) (0.312208ms)
✔ FASE 28 — a página nunca escolhe o arquivo (1.576875ms)
▶ FASE 28 — bloqueio duro DENTRO da raiz permitida
  ✔ 28. cada arquivo sensível é negado, com motivo legível (3.224458ms)
  ✔ 29. symlink dentro da raiz para arquivo proibido dentro da raiz também é negado (0.326584ms)
  ✔ 30. diretório não é arquivo; e o negado vira linha de auditoria (2.380417ms)
  ✔ 31. extensionOf trata `.env` e `arquivo.` como sem extensão (0.065041ms)
✔ FASE 28 — bloqueio duro DENTRO da raiz permitida (6.067792ms)
▶ FASE 31 — canário no cookie, no header e no vault não vaza
  ✔ 32. pré-condição: o canário está MESMO no cookie, no header e no vault (1.831208ms)
  ✔ 33. a observação sanitizada não contém o canário — e redige onde deveria (0.487708ms)
  ✔ 34. audit JSONL não contém o canário — mas contém a REFERÊNCIA (0.166084ms)
  ✔ 35. events JSONL não contém o canário (0.147417ms)
  ✔ 36. o replay bundle inteiro não contém o canário (1.627375ms)
  ✔ 37. CONTROLE NEGATIVO — a mesma varredura ACUSA o vazamento plantado (1.016625ms)
  ✔ 38. CONTROLE NEGATIVO — canário codificado (base64/url/json) também é acusado (0.295375ms)
✔ FASE 31 — canário no cookie, no header e no vault não vaza (210.484209ms)
ℹ tests 38
ℹ suites 7
ℹ pass 38
ℹ fail 0
ℹ cancelled 0
ℹ skipped 0
ℹ todo 0
ℹ duration_ms 573.451375
