✔ cascata é exatamente a normativa da FASE 13 (137.560667ms)
✔ 1. selector válido resolve com strategy=selector e healed=false (41.959ms)
✔ 2. selector QUEBRADO + text válido cura para role_text (healed=true, attempted contém selector) (30.963708ms)
✔ 3. semantic "login" acha o botão "Entrar" (31.552166ms)
✔ 3b. sinônimos pt+en caem na mesma intenção; desconhecido vira termo literal (0.226ms)
✔ 3c. semantic "sign in" e "acessar" também acham o botão Entrar (39.574625ms)
✔ 4. dois botões com o mesmo texto e sem nth ⇒ TARGET_AMBIGUOUS (16.893583ms)
✔ 4b. o mesmo alvo com nth resolve sem ambiguidade (29.545875ms)
✔ 4c. nth fora do intervalo não escolhe outro elemento em silêncio (23.679167ms)
✔ 5. accessibility cura quando só há placeholder (27.576459ms)
✔ 6. vision é PULADA e registrada quando nenhum VisionProvider é injetado (19.983625ms)
✔ 6b. VisionProvider injetado vence quando as demais falham (healed=true) (39.152875ms)
✔ 6c. vision abaixo da confiança mínima NÃO resolve (39.446834ms)
✔ 7. coordenada NUNCA vence quando outra estratégia estava disponível (29.732916ms)
✔ 8. descriptor vazio é INVALID_REQUEST, não um chute (7.389459ms)
✔ 9. URL_CHANGED verifica true após clique que muda o hash (59.592209ms)
✔ 10. URL_CHANGED verifica false quando nada muda (controle negativo) (446.732958ms)
✔ 11. confidence de uma verificação NONE não é 1.0 (25.352333ms)
✔ 12. ELEMENT_APPEARED exige a TRANSIÇÃO (ausente antes, visível depois) (57.168041ms)
✔ 13. ELEMENT_DISAPPEARED confirma remoção real (43.597625ms)
✔ 14. ELEMENT_APPEARED sem `expect` sai não-executado, não sai verificado (12.8585ms)
✔ 15. TEXT_CHANGED escopado ao alvo, com corroboração (43.660334ms)
✔ 16. DOM_CHANGED usa MutationObserver e deriva confiança dos sinais (455.097042ms)
✔ 17. NETWORK_SUCCESS sem gravador acoplado NÃO passa (22.341958ms)
✔ 18. NETWORK_SUCCESS com gravador confirma resposta 200 e redige a query (20.935667ms)
✔ 19. snapshot de kind diferente é recusado (não se verifica com a régua errada) (13.7005ms)
✔ 20. retryStrategy tem backoff limitado e proíbe retry infinito (0.361417ms)
✔ 21. superfície pública dos dois módulos está montada (0.062042ms)
ℹ tests 28
ℹ suites 0
ℹ pass 28
ℹ fail 0
ℹ cancelled 0
ℹ skipped 0
ℹ todo 0
ℹ duration_ms 2067.084459
