✔ sem credencial → DENY (2.378791ms)
✔ credencial inválida → DENY (0.177916ms)
✔ credencial expirada → DENY, com relógio controlado (0.145541ms)
✔ credencial correta → PASS (0.093667ms)
✔ revogação corta acesso imediatamente (0.123ms)
✔ replay de token continua valendo — e é por isso que o TTL existe (0.101333ms)
✔ token de outro AuthManager não vale (segredo é por instância/arranque) (0.073125ms)
✔ extract lê Bearer, x-nomos-token e ?token=, nesta precedência (0.2915ms)
✔ autenticar NÃO é autorizar: token de observação não recebe CONTROL (0.122125ms)
✔ ADMIN não implica os demais escopos (nada de hierarquia implícita) (0.120458ms)
✔ preset full NÃO inclui ADMIN — takeover é ato do operador humano (0.08875ms)
✔ token da sessão A não alcança a sessão B (0.075167ms)
✔ token sem allowlist alcança qualquer sessão — e bindSession não a cria do nada (0.146541ms)
✔ toda ferramenta do contrato tem escopo, e desconhecida cai em ADMIN (0.761084ms)
✔ escopos de rota separam leitura de controle e de administração (0.042917ms)
✔ download e upload não são o mesmo escopo que clicar (0.122458ms)
✔ escopo inválido na emissão é recusado, não normalizado (0.236334ms)
✔ bootstrap grava o token com permissão 0600 e não o imprime (0.998709ms)
✔ arquivo de token com permissão larga é RECUSADO, não corrigido em silêncio (0.483292ms)
✔ modo disabled é explícito e concede tudo — existe só para migração (0.059375ms)
✔ dois tokens distintos não colidem e são distinguíveis na auditoria (0.065916ms)
ℹ tests 21
ℹ suites 0
ℹ pass 21
ℹ fail 0
ℹ cancelled 0
ℹ skipped 0
ℹ todo 0
ℹ duration_ms 144.744125
