▶ estatística — percentil que a amostra não sustenta
  ✔ 1. N=10 ⇒ p99 é null e marcado insuficiente; N=100 ⇒ p99 é numérico (1.935833ms)
  ✔ a mesma regra vale para p95: N=19 recusa, N=20 reporta (0.206667ms)
  ✔ mínimo é ceil(1/(1-q)) — 2 / 20 / 100 (0.678917ms)
  ✔ configuração pode LEVANTAR o piso, nunca baixá-lo (0.3335ms)
  ✔ nearest-rank: devolve valor MEDIDO, não interpolação (0.151959ms)
  ✔ ordena antes de calcular: entrada fora de ordem dá o mesmo resultado (0.068333ms)
  ✔ média e desvio amostral conferem com valor calculado à mão (0.059958ms)
  ✔ N=1: min=max=média, desvio null, p50 null — uma medição não é distribuição (0.073875ms)
  ✔ 2. lista vazia não explode: devolve relatório vazio explícito, sem zeros falsos (0.874167ms)
  ✔ amostra não finita é recusada em vez de virar NaN no relatório (0.169917ms)
✔ estatística — percentil que a amostra não sustenta (5.7225ms)
▶ Benchmark.run — medição
  ✔ 3. N=10 ⇒ p99 null/insuficiente; N=100 ⇒ p99 numérico, no run de verdade (2.671375ms)
  ✔ 4. latência sintética de 20 ms cai na faixa esperada — com controle negativo (280.17125ms)
  ✔ 5. aquecimento NÃO entra na estatística — com controle negativo sem aquecimento (249.912125ms)
  ✔ função assíncrona é aguardada e medida (96.733792ms)
  ✔ 6. iteração que lança NÃO vira amostra; o erro é reportado, não engolido (35.205292ms)
  ✔ erro no aquecimento é marcado como warmup e não conta como iteração medida (0.193542ms)
  ✔ 7. memória antes/depois e CPU são coletadas como delta real (56.228917ms)
  ✔ CPU quase parada num run ocioso — controle negativo do contador de CPU (161.675333ms)
  ✔ entrada inválida falha fechado em vez de virar default silencioso (0.6385ms)
  ✔ iteracoes:0 devolve resultado vazio explícito, sem explodir (0.147916ms)
  ✔ rótulos do run são redigidos antes de entrar no resultado (0.128625ms)
✔ Benchmark.run — medição (884.079959ms)
▶ Benchmark — relatórios
  ✔ 8. markdown nunca imprime número para percentil que a amostra não sustenta (0.455709ms)
  ✔ JSON do relatório é parseável, declara contrato e declara a omissão das amostras (0.172458ms)
  ✔ relatório sem nenhum run é vazio EXPLÍCITO, não uma tabela em branco (0.051292ms)
  ✔ nome com pipe não quebra a tabela markdown (0.078583ms)
✔ Benchmark — relatórios (0.805458ms)
▶ QualityBench — FASE 33
  ✔ 9. declarou sucesso e a verificação REFUTOU ⇒ false_success, e aparece no resumo (0.463916ms)
  ✔ declarou e a verificação NÃO rodou ⇒ unverified_claim, jamais false_success (0.073875ms)
  ✔ human_escalation é classe própria e não conta como sucesso do agente (0.083625ms)
  ✔ classifyCase cobre os seis desfechos, com escalação em primeiro lugar (0.048833ms)
  ✔ 10. false_success NUNCA sai do resumo, nem quando vale zero (0.091292ms)
  ✔ 11. bench vazio: divisão por zero vira null, relatório vazio explícito, sem exceção (0.072792ms)
  ✔ nenhuma declaração ⇒ false_success_of_declared é null, não 0 e não NaN (0.063042ms)
  ✔ subdeclaração: não declarou mas a verificação comprovou (0.045542ms)
  ✔ segredo no detalhe do caso é redigido antes de entrar no relatório (0.088167ms)
  ✔ aceita VerificationResult do contrato sem adaptador e preserva confiança/observação (0.040583ms)
  ✔ caso mal formado falha fechado (0.074875ms)
  ✔ toJSON({cases:false}) omite os casos mas mantém o resumo íntegro (0.052791ms)
✔ QualityBench — FASE 33 (1.291333ms)
ℹ tests 37
ℹ suites 4
ℹ pass 37
ℹ fail 0
ℹ cancelled 0
ℹ skipped 0
ℹ todo 0
ℹ duration_ms 1030.202875
