✔ 0a. raw_web_content nasce em withhold_on_detection (207.653917ms)
✔ 0b. NOMOS_BROWSER_RAW_WEB_CONTENT é lida e registrada (0.196ms)
✔ 0c. valor inválido lança, não vira default silencioso (0.351583ms)
✔ 1. 'ignore previous instructions' é detectado e o cru é retido (22.786291ms)
✔ 2. exfiltração de cookies é detectada em severidade alta (12.757ms)
✔ 3. pedido de invocar browser.download é detectado (13.524542ms)
✔ 4. pedido financeiro é detectado (20.665125ms)
✔ 5. comando de shell é detectado (11.472208ms)
✔ 6. URL de exfiltração isolada é detectada (11.344459ms)
✔ 7a. FALSE_POSITIVE_CONTROL: artigo SOBRE injeção continua inteiro (11.558709ms)
✔ 7b. FALSE_POSITIVE_CONTROL: texto inocente não é marcado (10.953834ms)
✔ 8. browser.extract sela e retém igual a observe, mantendo o campo content (67.444416ms)
✔ 9. payload em aria-label é pego pela ÁRVORE AX, mesmo fora do corte do DOM (14.34225ms)
✔ 10. CONTROLE NEGATIVO: página limpa não acusa, e o inspetor comprovadamente rodou (12.358291ms)
✔ 11. o bloco entregue ao modelo só fecha com o nonce da chamada (24.000875ms)
✔ 12. a trilha registra a detecção e NUNCA o trecho literal (213.140208ms)
ℹ tests 16
ℹ suites 0
ℹ pass 16
ℹ fail 0
ℹ cancelled 0
ℹ skipped 0
ℹ todo 0
ℹ duration_ms 1051.977292
