▶ FASE 9 — LeaseManager: aquisição e reentrância
  ✔ concede lease exclusivo e autoriza o dono a agir (4.13425ms)
  ✔ modo default é exclusive e ttl default é o do manager (0.126625ms)
  ✔ reentrância: o mesmo holder re-adquire sem se auto-bloquear e mantém o lease_id (0.689166ms)
  ✔ renew estende a partir de agora; renew por outro holder ou lease_id errado é negado (0.32625ms)
✔ FASE 9 — LeaseManager: aquisição e reentrância (5.961916ms)
▶ FASE 9 — ausência de corrida (com discriminador)
  ✔ as operações de arbitragem são SÍNCRONAS — não há await entre verificar e tomar (0.124ms)
  ✔ 64 acquires concorrentes => EXATAMENTE UM vence, e os 63 recebem CONTROL_NOT_OWNED (0.760542ms)
  ✔ DISCRIMINADOR: o mesmo harness pega a corrida numa implementação com await no meio (3.0725ms)
✔ FASE 9 — ausência de corrida (com discriminador) (4.09375ms)
▶ FASE 9 — TTL: o lease não fica preso se o dono somem
  ✔ A perde por TTL, B adquire, e A com lease velho é negada por lease obsoleto (0.485125ms)
  ✔ expiração é exatamente no prazo, não antes (0.127042ms)
  ✔ sweep() reaproveita o mesmo caminho e é chamável à mão (1.027625ms)
  ✔ relógio quebrado aborta a arbitragem em vez de arbitrar errado (0.289583ms)
✔ FASE 9 — TTL: o lease não fica preso se o dono somem (2.07525ms)
▶ FASE 9 — release
  ✔ release por quem NÃO é dono é negado e não solta o lease do dono real (0.1255ms)
  ✔ release com lease_id obsoleto do próprio holder é negado (0.106875ms)
  ✔ release exige lease_id — soltar por nome seria derrubar o lease novo com o velho (0.076916ms)
  ✔ releaseAll revoga tudo da sessão e forget só passa com a sessão vazia (0.232042ms)
✔ FASE 9 — release (0.601208ms)
▶ FASE 9 — transfer atômico
  ✔ transfer troca o dono num único turno: nenhum instante observado com dois donos (0.261292ms)
  ✔ intruso concorrente NÃO entra durante o transfer (0.156667ms)
[lease] hook onEvent lançou em control.taken: assinante quebrado
[lease] hook onEvent lançou em action.failed: assinante quebrado
  ✔ DISCRIMINADOR: transfer ingênuo (release + await + acquire) entrega a sessão ao intruso (3.775834ms)
  ✔ transfer por quem não detém, com lease_id obsoleto, ou para si mesmo é negado (0.126542ms)
  ✔ transfer com outros holders shared na sessão é negado (não seria atômico) (0.070417ms)
✔ FASE 9 — transfer atômico (4.474292ms)
▶ FASE 9 — sequência da missão
  ✔ A tem lease → B clica e leva CONTROL_NOT_OWNED → A libera → B adquire → B age (0.152291ms)
✔ FASE 9 — sequência da missão (0.176667ms)
▶ FASE 9 — modos exclusive / shared
  ✔ shared coexiste para OBSERVE; agir exige exclusive (0.119334ms)
  ✔ exclusive bloqueia shared e shared bloqueia exclusive (0.053792ms)
  ✔ holder único pode promover shared→exclusive; com outro shared ativo, não (0.06025ms)
  ✔ exclusive satisfaz OBSERVE; a tabela de modos vem de ACTION_CLASS do contrato (0.070791ms)
✔ FASE 9 — modos exclusive / shared (0.34425ms)
▶ FASE 9 — fail closed
  ✔ sessão sem lease nenhum é negada por padrão (0.059333ms)
  ✔ allow_unleased é ato explícito e continua recusando lease_id aposentado (0.073166ms)
  ✔ check sem classe assume ACT — consultar de menos não pode render mais permissão (0.037541ms)
  ✔ entrada inválida não concede nada e não lança (0.117667ms)
  ✔ entrada inválida em check/release/renew/transfer também não lança nem concede (0.081541ms)
  ✔ construtor recusa TTL default/teto inválidos (0.08275ms)
  ✔ assertControl lança LeaseError com o código do contrato e o nome próprio preservado (0.122542ms)
  ✔ o lease devolvido é congelado — o portador não estica o próprio prazo (0.094916ms)
✔ FASE 9 — fail closed (0.73675ms)
▶ FASE 9 — observabilidade
  ✔ emite control.taken / control.returned / session.handoff e marca a expiração (0.108ms)
  ✔ negação de controle é registrada — recusa de segurança não some por omissão (0.044542ms)
  ✔ hook que lança não derruba a arbitragem nem solta o lease de ninguém (0.363292ms)
  ✔ snapshot descreve o estado sem permitir mexer nele (0.081208ms)
✔ FASE 9 — observabilidade (0.63675ms)
ℹ tests 37
ℹ suites 9
ℹ pass 37
ℹ fail 0
ℹ cancelled 0
ℹ skipped 0
ℹ todo 0
ℹ duration_ms 150.209458
