▶ redact (FASE 23)
  ✔ 1. objeto aninhado: esconde Authorization e mantém os demais campos intactos (0.881583ms)
  ✔ case-insensitive e insensível a separador (0.061583ms)
  ✔ 2. redactUrl esconde ?token=… mas preserva o resto da URL (0.130667ms)
  ✔ redactUrl não inventa barra nem toca URL sem query (0.066166ms)
  ✔ redactHeaders preserva o NOME do cabeçalho e destrói só o valor (1.037625ms)
  ✔ anti-regressão: ciclo, binário e Error não derrubam nem viram {} (0.279875ms)
✔ redact (FASE 23) (4.045958ms)
▶ eventbus (FASE 9)
  ✔ 3. entrega ao assinante certo e NÃO entrega ao filtro de outra sessão (0.936959ms)
  ✔ 4. evento com header Authorization sai do bus já redigido (0.200208ms)
  ✔ backpressure: handler lento não bloqueia o emit; drops são contados (0.293ms)
  ✔ handler que estoura é contabilizado e não derruba os outros assinantes (0.176583ms)
  ✔ off cancela o par (seletor, handler) (0.131292ms)
  ✔ buffer circular retém apenas os últimos N (0.135ms)
✔ eventbus (FASE 9) (2.053209ms)
▶ audit (FASE 24)
  ✔ 5. escreve JSONL e lê de volta; linha corrompida no meio não impede ler as boas (14.453083ms)
  ✔ caminho é sessions/<id>/actions.jsonl e appends concorrentes gravam NA ORDEM DE CHAMADA (13.407875ms)
  ✔ sessão inexistente responde exists:false em vez de estourar (0.308125ms)
  ✔ fail closed: session_id com travessia de caminho é RECUSADO (0.261333ms)
  ✔ raiz padrão é <repo>/sessions e o arquivo nasce lá (1.571917ms)
✔ audit (FASE 24) (30.170917ms)
▶ replay (FASE 25)
  ✔ 6. recorder + loadReplay reconstroem a linha do tempo na ordem de timestamp (5.347459ms)
  ✔ linha corrompida em events.jsonl aparece em errors sem perder as boas (1.24625ms)
  ✔ sessão sem nada gravada devolve bundle vazio com missing explícito (0.505292ms)
  ✔ recordFrom liga o recorder ao EventBus e finish desliga (2.270125ms)
  ✔ saveScreenshot registra o erro quando o buffer não é PNG, em vez de fingir (1.133ms)
✔ replay (FASE 25) (10.660375ms)
ℹ tests 22
ℹ suites 4
ℹ pass 22
ℹ fail 0
ℹ cancelled 0
ℹ skipped 0
ℹ todo 0
ℹ duration_ms 190.22575
