▶ watchdog — crash, reinício e teto (FASE 20 / T10)
  ✔ 1. um crash → reinicia; a contagem vem do DISCO, não do contador interno (214.905541ms)
  ✔ 2. três crashes rápidos → crash_loop, PARA de reiniciar e registra a causa (734.7465ms)
  ✔ 3. stop() manual → parada INTENCIONAL, não reinicia, não conta crash (428.26325ms)
  ✔ 4. filho que ignora SIGTERM → escala para SIGKILL, e só no próprio filho (378.471167ms)
  ✔ 5. backoff cresce mas tem TETO — o intervalo nunca vira 'nunca' (891.2675ms)
  ✔ 5b. a janela é DESLIZANTE — crash antigo sai da conta e o orçamento volta (254.298083ms)
✔ watchdog — crash, reinício e teto (FASE 20 / T10) (2904.258625ms)
▶ watchdog — nunca mata o que não iniciou
  ✔ 6. pid alheio: recusado, contado, e o processo continua vivo (211.676958ms)
  ✔ 7. porta ocupada → port_busy, sem spawn e sem tocar no ocupante (112.79075ms)
  ✔ 8. host fora de loopback é recusado na construção (0.262125ms)
✔ watchdog — nunca mata o que não iniciou (324.965375ms)
▶ recovery — snapshot atômico e snapshot corrompido
  ✔ 9. save() é atômico: nenhum .tmp sobrevive e o leitor nunca vê meio arquivo (211.305708ms)
  ✔ 10. sobra de .tmp do crash é INERTE — não é lida nem listada (7.482958ms)
  ✔ 11. state.json TRUNCADO → terminate/snapshot_corrupted, e o pid vivo lá dentro é IGNORADO (138.655959ms)
  ✔ 12. schema desconhecido, campo faltando e sessão CLOSED → terminate com motivo distinto (18.067666ms)
  ✔ 13. patch em snapshot ausente LANÇA — não recria estado do nada (0.499666ms)
✔ recovery — snapshot atômico e snapshot corrompido (376.703625ms)
▶ recovery — pid vivo, pid morto, CDP mudo
  ✔ 14. browser_pid MORTO (SIGKILL real) → orphan, jamais reattach (122.218667ms)
  ✔ 15. browser_pid ausente → orphan/browser_pid_unknown (4.610209ms)
  ✔ 16. endpoint de CDP fora de loopback é recusado ANTES de qualquer requisição (T2) (106.976916ms)
  ✔ 17. scan() decide TODAS as sessões — nenhuma fica sem decisão e sem motivo (0.806125ms)
✔ recovery — pid vivo, pid morto, CDP mudo (235.481708ms)
▶ recovery — reattach contra Chromium REAL
  ✔ 18. CDP vivo + identidade confere → reattach, e a verificação confirma a URL (11.172167ms)
  ✔ 19. URL divergiu sob o crash → recover + needs_reobservation, NUNCA 'assume que continua lá' (113.648208ms)
  ✔ 20. número de abas divergiu → recover/pages_divergent (908.46225ms)
  ✔ 21. ação destrutiva em voo → UNKNOWN_OUTCOME: nem sucesso, nem falha, nem repetição cega (29.303875ms)
  ✔ 22. porta reciclada por OUTRO Chromium (identidade não confere) → orphan, sem conectar (17.614166ms)
  ✔ 23. SIGKILL no Chromium com sessão ativa → orphan/browser_pid_dead, e nada é inventado (22.9865ms)
✔ recovery — reattach contra Chromium REAL (3384.074542ms)
ℹ tests 24
ℹ suites 5
ℹ pass 24
ℹ fail 0
ℹ cancelled 0
ℹ skipped 0
ℹ todo 0
ℹ duration_ms 7557.113459
