▶ FASE 27 — nome de arquivo malicioso
  ✔ 1. path traversal no filename vira basename e fica dentro da raiz (1.541292ms)
  ✔ 2. traversal percent-encoded também é desarmado (0.161958ms)
  ✔ 3. NUL, newline e barra somem do nome (0.067042ms)
  ✔ 4. nome vazio e nome só com pontos caem no nome de descarte (0.130167ms)
  ✔ 5. ponto inicial não cria arquivo oculto na raiz de download (0.063708ms)
  ✔ 6. nome longuíssimo é truncado preservando a extensão (0.133334ms)
  ✔ 7. RTL override que faz `txt.exe` parecer `exe.txt` é desmascarado (0.20625ms)
  ✔ 8. dupla extensão `fatura.pdf.exe` é marcada como enganosa (0.080167ms)
  ✔ 9. nome benigno atravessa sem alteração (controle negativo da sanitização) (0.748416ms)
✔ FASE 27 — nome de arquivo malicioso (3.55425ms)
▶ FASE 27 — executável nunca é aberto
  ✔ 10. toda extensão executável da missão exige autorização (0.52575ms)
  ✔ 11. mesmo AUTORIZADO o executável continua inerte (auto_open=false) (0.375292ms)
  ✔ 12. arquivo comum não exige autorização (controle negativo) (0.091459ms)
✔ FASE 27 — executável nunca é aberto (1.080333ms)
▶ FASE 27 — download inesperado, tamanho e concorrência
  ✔ 13. download não pedido por ação é BLOQUEADO e REGISTRADO (5.630375ms)
  ✔ 14. tamanho anunciado acima do limite é negado (0.193667ms)
  ✔ 15. o limite também vale DURANTE a transferência (Content-Length mente) (0.16475ms)
  ✔ 16. limite de downloads simultâneos (0.228125ms)
  ✔ 17. dois downloads do mesmo nome não se sobrescrevem (0.125458ms)
✔ FASE 27 — download inesperado, tamanho e concorrência (6.433166ms)
▶ FASE 27 — confinamento do destino
  ✔ 18. raiz não configurada nega tudo (fail closed) (0.057417ms)
  ✔ 19. symlink dentro da raiz apontando para fora é recusado (0.653083ms)
  ✔ 20. DownloadRecord do contrato aponta para dentro da raiz (0.116458ms)
  ✔ 21. origem com esquema proibido é negada quando checkSourceUrl está ligado (0.377792ms)
✔ FASE 27 — confinamento do destino (1.258209ms)
▶ FASE 28 — a página nunca escolhe o arquivo
  ✔ 22. origem `page` tem recusa própria e ruidosa (0.310084ms)
  ✔ 23. origem ausente ou de agente é negada (fail closed) (0.384292ms)
  ✔ 24. sem autorização explícita não há upload (0.093458ms)
  ✔ 25. caminho do chamador, autorizado e dentro da raiz é PERMITIDO (controle negativo) (0.282ms)
  ✔ 26. traversal, byte nulo e raiz ausente são negados (0.170708ms)
  ✔ 27. symlink que escapa da raiz é negado (resolve o caminho real) (0.327041ms)
✔ FASE 28 — a página nunca escolhe o arquivo (1.629125ms)
▶ FASE 28 — bloqueio duro DENTRO da raiz permitida
  ✔ 28. cada arquivo sensível é negado, com motivo legível (3.317792ms)
  ✔ 29. symlink dentro da raiz para arquivo proibido dentro da raiz também é negado (0.47925ms)
  ✔ 30. diretório não é arquivo; e o negado vira linha de auditoria (2.823042ms)
  ✔ 31. extensionOf trata `.env` e `arquivo.` como sem extensão (0.122958ms)
✔ FASE 28 — bloqueio duro DENTRO da raiz permitida (6.857458ms)
▶ FASE 31 — canário no cookie, no header e no vault não vaza
  ✔ 32. pré-condição: o canário está MESMO no cookie, no header e no vault (2.084208ms)
  ✔ 33. a observação sanitizada não contém o canário — e redige onde deveria (0.702584ms)
  ✔ 34. audit JSONL não contém o canário — mas contém a REFERÊNCIA (0.227875ms)
  ✔ 35. events JSONL não contém o canário (0.174875ms)
  ✔ 36. o replay bundle inteiro não contém o canário (1.717541ms)
  ✔ 37. CONTROLE NEGATIVO — a mesma varredura ACUSA o vazamento plantado (1.154542ms)
  ✔ 38. CONTROLE NEGATIVO — canário codificado (base64/url/json) também é acusado (0.333625ms)
✔ FASE 31 — canário no cookie, no header e no vault não vaza (244.178833ms)
ℹ tests 38
ℹ suites 7
ℹ pass 38
ℹ fail 0
ℹ cancelled 0
ℹ skipped 0
ℹ todo 0
ℹ duration_ms 612.890833
