✔ capabilities nascem restritas e só true literal concede (fail closed) (5.6765ms)
✔ perfis persistentes moram em <repo>/profiles/<perfil> (0.314ms)
✔ 1. dois perfis diferentes NÃO compartilham cookie (303.282041ms)
✔ 2. detach mantém a sessão VIVA e preserva a URL; attach devolve o mesmo estado (8.88325ms)
✔ 3. handoff troca o dono preservando URL, abas, task e cookies (7.52375ms)
✔ 4. estourar max_workers devolve BACKPRESSURE_REJECTED (sem fila infinita) (170.779708ms)
✔ idle_timeout recicla órfã ociosa, mas poupa sessão com cliente atado (2.666375ms)
✔ takeover congela o agente; release exige reobservação antes de ACTIVE (6.536917ms)
✔ transição de estado inválida lança erro claro (0.258917ms)
✔ capability sensível é fail closed (0.157292ms)
✔ perfil sandbox é efêmero: dir temporário, apagado no close (136.937292ms)
✔ encerramento: nenhum Chromium vaza (44.25725ms)
ℹ tests 12
ℹ suites 0
ℹ pass 12
ℹ fail 0
ℹ cancelled 0
ℹ skipped 0
ℹ todo 0
ℹ duration_ms 1031.026917
